--------------------------------------------------------------------------------
Release 14.7 Trace  (nt64)
Copyright (c) 1995-2013 Xilinx, Inc.  All rights reserved.

C:\Xilinx\14.7\ISE_DS\ISE\bin\nt64\unwrapped\trce.exe -intstyle ise -v 3 -s 2
-n 3 -fastpaths -xml top.twx top.ncd -o top.twr top.pcf -ucf top.ucf

Design file:              top.ncd
Physical constraint file: top.pcf
Device,package,speed:     xc6slx75t,fgg676,C,-2 (PRODUCTION 1.23 2013-10-13)
Report level:             verbose report

Environment Variable      Effect 
--------------------      ------ 
NONE                      No environment variables were set
--------------------------------------------------------------------------------

INFO:Timing:2698 - No timing constraints found, doing default enumeration.
INFO:Timing:3412 - To improve timing, see the Timing Closure User Guide (UG612).
INFO:Timing:2752 - To get complete path coverage, use the unconstrained paths 
   option. All paths that are not constrained will be reported in the 
   unconstrained paths section(s) of the report.
INFO:Timing:3339 - The clock-to-out numbers in this timing report are based on 
   a 50 Ohm transmission line loading model.  For the details of this model, 
   and for more information on accounting for different loading conditions, 
   please see the device datasheet.



Data Sheet report:
-----------------
All values displayed in nanoseconds (ns)

Setup/Hold to clock SDK_CLK
-------------------+------------+------------+------------+------------+------------------+--------+
                   |Max Setup to|  Process   |Max Hold to |  Process   |                  | Clock  |
Source             | clk (edge) |   Corner   | clk (edge) |   Corner   |Internal Clock(s) | Phase  |
-------------------+------------+------------+------------+------------+------------------+--------+
GPIO_IO_PORTA_O<0> |    7.517(R)|      SLOW  |   -4.235(R)|      FAST  |SDK_CLK_BUFGP     |   0.000|
GPIO_IO_PORTA_O<1> |    6.030(R)|      SLOW  |   -3.097(R)|      FAST  |SDK_CLK_BUFGP     |   0.000|
GPIO_IO_PORTA_O<2> |    6.241(R)|      SLOW  |   -3.262(R)|      FAST  |SDK_CLK_BUFGP     |   0.000|
GPIO_IO_PORTA_O<3> |    5.060(R)|      SLOW  |   -2.460(R)|      FAST  |SDK_CLK_BUFGP     |   0.000|
GPIO_IO_PORTA_O<4> |    7.152(R)|      SLOW  |   -3.962(R)|      FAST  |SDK_CLK_BUFGP     |   0.000|
GPIO_IO_PORTA_O<5> |   10.040(R)|      SLOW  |   -5.113(R)|      FAST  |SDK_CLK_BUFGP     |   0.000|
GPIO_IO_PORTA_O<6> |    5.611(R)|      SLOW  |   -3.107(R)|      FAST  |SDK_CLK_BUFGP     |   0.000|
GPIO_IO_PORTA_O<7> |    9.150(R)|      SLOW  |   -4.655(R)|      FAST  |SDK_CLK_BUFGP     |   0.000|
GPIO_IO_PORTA_O<8> |    4.136(R)|      SLOW  |   -1.934(R)|      FAST  |SDK_CLK_BUFGP     |   0.000|
GPIO_IO_PORTA_O<9> |    5.643(R)|      SLOW  |   -2.542(R)|      FAST  |SDK_CLK_BUFGP     |   0.000|
GPIO_IO_PORTA_O<10>|    4.383(R)|      SLOW  |   -2.116(R)|      FAST  |SDK_CLK_BUFGP     |   0.000|
GPIO_IO_PORTA_O<11>|    9.237(R)|      SLOW  |   -4.159(R)|      FAST  |SDK_CLK_BUFGP     |   0.000|
GPIO_IO_PORTA_O<12>|    4.171(R)|      SLOW  |   -2.053(R)|      FAST  |SDK_CLK_BUFGP     |   0.000|
GPIO_IO_PORTA_O<13>|    8.690(R)|      SLOW  |   -4.060(R)|      FAST  |SDK_CLK_BUFGP     |   0.000|
GPIO_IO_PORTA_O<14>|    3.674(R)|      SLOW  |   -1.583(R)|      FAST  |SDK_CLK_BUFGP     |   0.000|
GPIO_IO_PORTA_O<15>|    4.416(R)|      SLOW  |   -1.951(R)|      FAST  |SDK_CLK_BUFGP     |   0.000|
GPIO_IO_PORTA_O<16>|    5.727(R)|      SLOW  |   -3.070(R)|      FAST  |SDK_CLK_BUFGP     |   0.000|
GPIO_IO_PORTA_O<17>|    5.934(R)|      SLOW  |   -2.476(R)|      FAST  |SDK_CLK_BUFGP     |   0.000|
GPIO_IO_PORTA_O<18>|    3.928(R)|      SLOW  |   -1.901(R)|      FAST  |SDK_CLK_BUFGP     |   0.000|
GPIO_IO_PORTA_O<19>|    4.584(R)|      SLOW  |   -2.149(R)|      FAST  |SDK_CLK_BUFGP     |   0.000|
GPIO_IO_PORTA_O<20>|    3.540(R)|      SLOW  |   -1.777(R)|      FAST  |SDK_CLK_BUFGP     |   0.000|
GPIO_IO_PORTA_O<21>|    5.014(R)|      SLOW  |   -2.192(R)|      FAST  |SDK_CLK_BUFGP     |   0.000|
GPIO_IO_PORTA_O<22>|    8.514(R)|      SLOW  |   -4.456(R)|      FAST  |SDK_CLK_BUFGP     |   0.000|
GPIO_IO_PORTA_O<23>|    4.306(R)|      SLOW  |   -1.956(R)|      FAST  |SDK_CLK_BUFGP     |   0.000|
GPIO_IO_PORTA_O<24>|    5.026(R)|      SLOW  |   -2.398(R)|      FAST  |SDK_CLK_BUFGP     |   0.000|
GPIO_IO_PORTA_O<25>|    4.852(R)|      SLOW  |   -1.882(R)|      FAST  |SDK_CLK_BUFGP     |   0.000|
GPIO_IO_PORTA_O<26>|    2.439(R)|      SLOW  |   -0.969(R)|      FAST  |SDK_CLK_BUFGP     |   0.000|
GPIO_IO_PORTA_O<27>|    2.880(R)|      SLOW  |   -1.217(R)|      FAST  |SDK_CLK_BUFGP     |   0.000|
GPIO_IO_PORTA_O<28>|    5.047(R)|      SLOW  |   -2.414(R)|      FAST  |SDK_CLK_BUFGP     |   0.000|
GPIO_IO_PORTA_O<29>|    6.374(R)|      SLOW  |   -3.028(R)|      FAST  |SDK_CLK_BUFGP     |   0.000|
GPIO_IO_PORTA_O<30>|    4.426(R)|      SLOW  |   -2.099(R)|      FAST  |SDK_CLK_BUFGP     |   0.000|
GPIO_IO_PORTA_O<31>|    7.071(R)|      SLOW  |   -3.316(R)|      FAST  |SDK_CLK_BUFGP     |   0.000|
GPIO_IO_PORTB_O<0> |    2.264(R)|      SLOW  |   -0.860(R)|      FAST  |SDK_CLK_BUFGP     |   0.000|
GPIO_IO_PORTB_O<1> |    5.439(R)|      SLOW  |   -2.721(R)|      FAST  |SDK_CLK_BUFGP     |   0.000|
GPIO_IO_PORTB_O<2> |    3.065(R)|      SLOW  |   -1.479(R)|      FAST  |SDK_CLK_BUFGP     |   0.000|
GPIO_IO_PORTB_O<3> |    5.413(R)|      SLOW  |   -2.191(R)|      FAST  |SDK_CLK_BUFGP     |   0.000|
GPIO_IO_PORTC_O<0> |    4.464(R)|      SLOW  |   -2.130(R)|      FAST  |SDK_CLK_BUFGP     |   0.000|
GPIO_IO_PORTC_O<1> |    4.603(R)|      SLOW  |   -2.192(R)|      FAST  |SDK_CLK_BUFGP     |   0.000|
GPIO_IO_PORTC_O<2> |    4.078(R)|      SLOW  |   -1.953(R)|      FAST  |SDK_CLK_BUFGP     |   0.000|
GPIO_IO_PORTC_O<3> |    4.534(R)|      SLOW  |   -2.208(R)|      FAST  |SDK_CLK_BUFGP     |   0.000|
GPIO_IO_PORTD_O<0> |    2.085(R)|      SLOW  |   -0.665(R)|      SLOW  |SDK_CLK_BUFGP     |   0.000|
GPIO_IO_PORTD_O<1> |    3.511(R)|      SLOW  |   -1.591(R)|      FAST  |SDK_CLK_BUFGP     |   0.000|
GPIO_IO_PORTD_O<2> |    2.355(R)|      SLOW  |   -0.986(R)|      FAST  |SDK_CLK_BUFGP     |   0.000|
GPIO_IO_PORTD_O<3> |    2.263(R)|      SLOW  |   -0.927(R)|      FAST  |SDK_CLK_BUFGP     |   0.000|
SDK_FIFO_DI<0>     |    9.370(R)|      SLOW  |   -3.404(R)|      FAST  |SDK_CLK_BUFGP     |   0.000|
SDK_FIFO_DI<1>     |    9.791(R)|      SLOW  |   -3.837(R)|      FAST  |SDK_CLK_BUFGP     |   0.000|
SDK_FIFO_DI<2>     |    7.786(R)|      SLOW  |   -2.324(R)|      FAST  |SDK_CLK_BUFGP     |   0.000|
SDK_FIFO_DI<3>     |    7.742(R)|      SLOW  |   -2.314(R)|      FAST  |SDK_CLK_BUFGP     |   0.000|
SDK_FIFO_DI<4>     |    9.465(R)|      SLOW  |   -3.556(R)|      FAST  |SDK_CLK_BUFGP     |   0.000|
SDK_FIFO_DI<5>     |    9.074(R)|      SLOW  |   -3.473(R)|      FAST  |SDK_CLK_BUFGP     |   0.000|
SDK_FIFO_DI<6>     |    6.531(R)|      SLOW  |   -1.418(R)|      FAST  |SDK_CLK_BUFGP     |   0.000|
SDK_FIFO_DI<7>     |    6.598(R)|      SLOW  |   -1.784(R)|      FAST  |SDK_CLK_BUFGP     |   0.000|
SDK_FIFO_DI<8>     |    6.400(R)|      SLOW  |   -1.061(R)|      FAST  |SDK_CLK_BUFGP     |   0.000|
SDK_FIFO_DI<9>     |    5.941(R)|      SLOW  |   -1.381(R)|      FAST  |SDK_CLK_BUFGP     |   0.000|
SDK_FIFO_DI<10>    |    6.721(R)|      SLOW  |   -1.110(R)|      FAST  |SDK_CLK_BUFGP     |   0.000|
SDK_FIFO_DI<11>    |    6.714(R)|      SLOW  |   -0.638(R)|      SLOW  |SDK_CLK_BUFGP     |   0.000|
SDK_FIFO_DI<12>    |    7.432(R)|      SLOW  |   -1.778(R)|      FAST  |SDK_CLK_BUFGP     |   0.000|
SDK_FIFO_DI<13>    |    6.664(R)|      SLOW  |   -1.696(R)|      FAST  |SDK_CLK_BUFGP     |   0.000|
SDK_FIFO_DI<14>    |    6.083(R)|      SLOW  |   -1.847(R)|      FAST  |SDK_CLK_BUFGP     |   0.000|
SDK_FIFO_DI<15>    |    5.515(R)|      SLOW  |   -1.376(R)|      FAST  |SDK_CLK_BUFGP     |   0.000|
SDK_FIFO_Empty     |   12.838(R)|      SLOW  |   -5.051(R)|      FAST  |SDK_CLK_BUFGP     |   0.000|
SDK_FIFO_Full      |   13.127(R)|      SLOW  |   -4.384(R)|      FAST  |SDK_CLK_BUFGP     |   0.000|
SDK_RSTN           |   15.330(R)|      SLOW  |   -3.623(R)|      FAST  |SDK_CLK_BUFGP     |   0.000|
-------------------+------------+------------+------------+------------+------------------+--------+

Clock SDK_CLK to Pad
-------------------+-----------------+------------+-----------------+------------+------------------+--------+
                   |Max (slowest) clk|  Process   |Min (fastest) clk|  Process   |                  | Clock  |
Destination        |  (edge) to PAD  |   Corner   |  (edge) to PAD  |   Corner   |Internal Clock(s) | Phase  |
-------------------+-----------------+------------+-----------------+------------+------------------+--------+
GPIO_IO_PORTA_O<0> |        14.880(R)|      SLOW  |         6.784(R)|      FAST  |SDK_CLK_BUFGP     |   0.000|
GPIO_IO_PORTA_O<1> |        14.893(R)|      SLOW  |         6.489(R)|      FAST  |SDK_CLK_BUFGP     |   0.000|
GPIO_IO_PORTA_O<2> |        16.053(R)|      SLOW  |         7.123(R)|      FAST  |SDK_CLK_BUFGP     |   0.000|
GPIO_IO_PORTA_O<3> |        14.057(R)|      SLOW  |         6.380(R)|      FAST  |SDK_CLK_BUFGP     |   0.000|
GPIO_IO_PORTA_O<4> |        14.467(R)|      SLOW  |         6.684(R)|      FAST  |SDK_CLK_BUFGP     |   0.000|
GPIO_IO_PORTA_O<5> |        19.049(R)|      SLOW  |         7.604(R)|      FAST  |SDK_CLK_BUFGP     |   0.000|
GPIO_IO_PORTA_O<6> |        15.856(R)|      SLOW  |         6.463(R)|      FAST  |SDK_CLK_BUFGP     |   0.000|
GPIO_IO_PORTA_O<7> |        18.400(R)|      SLOW  |         8.455(R)|      FAST  |SDK_CLK_BUFGP     |   0.000|
GPIO_IO_PORTA_O<8> |        13.678(R)|      SLOW  |         6.310(R)|      FAST  |SDK_CLK_BUFGP     |   0.000|
GPIO_IO_PORTA_O<9> |        13.324(R)|      SLOW  |         5.958(R)|      FAST  |SDK_CLK_BUFGP     |   0.000|
GPIO_IO_PORTA_O<10>|        14.213(R)|      SLOW  |         6.689(R)|      FAST  |SDK_CLK_BUFGP     |   0.000|
GPIO_IO_PORTA_O<11>|        17.644(R)|      SLOW  |         8.416(R)|      FAST  |SDK_CLK_BUFGP     |   0.000|
GPIO_IO_PORTA_O<12>|        13.750(R)|      SLOW  |         6.569(R)|      FAST  |SDK_CLK_BUFGP     |   0.000|
GPIO_IO_PORTA_O<13>|        17.358(R)|      SLOW  |         8.001(R)|      FAST  |SDK_CLK_BUFGP     |   0.000|
GPIO_IO_PORTA_O<14>|        14.337(R)|      SLOW  |         6.711(R)|      FAST  |SDK_CLK_BUFGP     |   0.000|
GPIO_IO_PORTA_O<15>|        13.093(R)|      SLOW  |         6.191(R)|      FAST  |SDK_CLK_BUFGP     |   0.000|
GPIO_IO_PORTA_O<16>|        14.348(R)|      SLOW  |         6.813(R)|      FAST  |SDK_CLK_BUFGP     |   0.000|
GPIO_IO_PORTA_O<17>|        13.652(R)|      SLOW  |         6.212(R)|      FAST  |SDK_CLK_BUFGP     |   0.000|
GPIO_IO_PORTA_O<18>|        13.172(R)|      SLOW  |         5.777(R)|      FAST  |SDK_CLK_BUFGP     |   0.000|
GPIO_IO_PORTA_O<19>|        13.328(R)|      SLOW  |         5.323(R)|      FAST  |SDK_CLK_BUFGP     |   0.000|
GPIO_IO_PORTA_O<20>|        13.292(R)|      SLOW  |         6.052(R)|      FAST  |SDK_CLK_BUFGP     |   0.000|
GPIO_IO_PORTA_O<21>|        14.687(R)|      SLOW  |         6.026(R)|      FAST  |SDK_CLK_BUFGP     |   0.000|
GPIO_IO_PORTA_O<22>|        18.005(R)|      SLOW  |         7.719(R)|      FAST  |SDK_CLK_BUFGP     |   0.000|
GPIO_IO_PORTA_O<23>|        13.081(R)|      SLOW  |         6.187(R)|      FAST  |SDK_CLK_BUFGP     |   0.000|
GPIO_IO_PORTA_O<24>|        17.358(R)|      SLOW  |         7.969(R)|      FAST  |SDK_CLK_BUFGP     |   0.000|
GPIO_IO_PORTA_O<25>|        13.046(R)|      SLOW  |         5.722(R)|      FAST  |SDK_CLK_BUFGP     |   0.000|
GPIO_IO_PORTA_O<26>|        12.124(R)|      SLOW  |         5.485(R)|      FAST  |SDK_CLK_BUFGP     |   0.000|
GPIO_IO_PORTA_O<27>|        12.743(R)|      SLOW  |         5.132(R)|      FAST  |SDK_CLK_BUFGP     |   0.000|
GPIO_IO_PORTA_O<28>|        13.946(R)|      SLOW  |         6.507(R)|      FAST  |SDK_CLK_BUFGP     |   0.000|
GPIO_IO_PORTA_O<29>|        16.346(R)|      SLOW  |         7.826(R)|      FAST  |SDK_CLK_BUFGP     |   0.000|
GPIO_IO_PORTA_O<30>|        14.179(R)|      SLOW  |         6.441(R)|      FAST  |SDK_CLK_BUFGP     |   0.000|
GPIO_IO_PORTA_O<31>|        16.142(R)|      SLOW  |         7.234(R)|      FAST  |SDK_CLK_BUFGP     |   0.000|
GPIO_IO_PORTB_O<0> |        11.858(R)|      SLOW  |         5.576(R)|      FAST  |SDK_CLK_BUFGP     |   0.000|
GPIO_IO_PORTB_O<1> |        14.761(R)|      SLOW  |         6.198(R)|      FAST  |SDK_CLK_BUFGP     |   0.000|
GPIO_IO_PORTB_O<2> |        13.540(R)|      SLOW  |         6.276(R)|      FAST  |SDK_CLK_BUFGP     |   0.000|
GPIO_IO_PORTB_O<3> |        13.999(R)|      SLOW  |         6.484(R)|      FAST  |SDK_CLK_BUFGP     |   0.000|
GPIO_IO_PORTC_O<0> |        13.845(R)|      SLOW  |         5.990(R)|      FAST  |SDK_CLK_BUFGP     |   0.000|
GPIO_IO_PORTC_O<1> |        13.726(R)|      SLOW  |         5.997(R)|      FAST  |SDK_CLK_BUFGP     |   0.000|
GPIO_IO_PORTC_O<2> |        13.317(R)|      SLOW  |         5.732(R)|      FAST  |SDK_CLK_BUFGP     |   0.000|
GPIO_IO_PORTC_O<3> |        13.213(R)|      SLOW  |         6.005(R)|      FAST  |SDK_CLK_BUFGP     |   0.000|
GPIO_IO_PORTD_O<0> |        11.209(R)|      SLOW  |         4.933(R)|      FAST  |SDK_CLK_BUFGP     |   0.000|
GPIO_IO_PORTD_O<1> |        12.882(R)|      SLOW  |         5.473(R)|      FAST  |SDK_CLK_BUFGP     |   0.000|
GPIO_IO_PORTD_O<2> |        11.085(R)|      SLOW  |         4.718(R)|      FAST  |SDK_CLK_BUFGP     |   0.000|
GPIO_IO_PORTD_O<3> |        11.384(R)|      SLOW  |         4.832(R)|      FAST  |SDK_CLK_BUFGP     |   0.000|
SDK_FIFO_DO<0>     |        16.207(R)|      SLOW  |         8.111(R)|      FAST  |SDK_CLK_BUFGP     |   0.000|
SDK_FIFO_DO<1>     |        16.698(R)|      SLOW  |         8.405(R)|      FAST  |SDK_CLK_BUFGP     |   0.000|
SDK_FIFO_DO<2>     |        14.218(R)|      SLOW  |         6.983(R)|      FAST  |SDK_CLK_BUFGP     |   0.000|
SDK_FIFO_DO<3>     |        14.174(R)|      SLOW  |         7.008(R)|      FAST  |SDK_CLK_BUFGP     |   0.000|
SDK_FIFO_DO<4>     |        15.181(R)|      SLOW  |         7.556(R)|      FAST  |SDK_CLK_BUFGP     |   0.000|
SDK_FIFO_DO<5>     |        15.134(R)|      SLOW  |         7.524(R)|      FAST  |SDK_CLK_BUFGP     |   0.000|
SDK_FIFO_DO<6>     |        13.006(R)|      SLOW  |         6.302(R)|      FAST  |SDK_CLK_BUFGP     |   0.000|
SDK_FIFO_DO<7>     |        13.530(R)|      SLOW  |         6.594(R)|      FAST  |SDK_CLK_BUFGP     |   0.000|
SDK_FIFO_DO<8>     |        14.930(R)|      SLOW  |         7.381(R)|      FAST  |SDK_CLK_BUFGP     |   0.000|
SDK_FIFO_DO<9>     |        13.932(R)|      SLOW  |         6.720(R)|      FAST  |SDK_CLK_BUFGP     |   0.000|
SDK_FIFO_DO<10>    |        12.654(R)|      SLOW  |         6.037(R)|      FAST  |SDK_CLK_BUFGP     |   0.000|
SDK_FIFO_DO<11>    |        12.419(R)|      SLOW  |         5.864(R)|      FAST  |SDK_CLK_BUFGP     |   0.000|
SDK_FIFO_DO<12>    |        12.091(R)|      SLOW  |         5.748(R)|      FAST  |SDK_CLK_BUFGP     |   0.000|
SDK_FIFO_DO<13>    |        11.598(R)|      SLOW  |         5.432(R)|      FAST  |SDK_CLK_BUFGP     |   0.000|
SDK_FIFO_DO<14>    |        11.231(R)|      SLOW  |         5.219(R)|      FAST  |SDK_CLK_BUFGP     |   0.000|
SDK_FIFO_DO<15>    |        11.765(R)|      SLOW  |         5.587(R)|      FAST  |SDK_CLK_BUFGP     |   0.000|
SDK_FIFO_RD        |        20.266(R)|      SLOW  |        10.381(R)|      FAST  |SDK_CLK_BUFGP     |   0.000|
SDK_FIFO_WR        |        22.204(R)|      SLOW  |        11.460(R)|      FAST  |SDK_CLK_BUFGP     |   0.000|
SDK_Interrupt      |        21.737(R)|      SLOW  |        11.246(R)|      FAST  |SDK_CLK_BUFGP     |   0.000|
-------------------+-----------------+------------+-----------------+------------+------------------+--------+

Clock to Setup on destination clock SDK_CLK
---------------+---------+---------+---------+---------+
               | Src:Rise| Src:Fall| Src:Rise| Src:Fall|
Source Clock   |Dest:Rise|Dest:Rise|Dest:Fall|Dest:Fall|
---------------+---------+---------+---------+---------+
SDK_CLK        |   27.548|         |         |         |
---------------+---------+---------+---------+---------+

Pad to Pad
------------------+---------------+---------+
Source Pad        |Destination Pad|  Delay  |
------------------+---------------+---------+
GPIO_IO_PORTA_O<0>|LED<0>         |   18.183|
GPIO_IO_PORTA_O<1>|LED<1>         |   16.109|
GPIO_IO_PORTA_O<2>|LED<2>         |   17.375|
GPIO_IO_PORTA_O<3>|LED<3>         |   16.481|
GPIO_IO_PORTA_O<4>|LED<4>         |   18.508|
GPIO_IO_PORTA_O<5>|LED<5>         |   22.609|
GPIO_IO_PORTA_O<6>|LED<6>         |   17.116|
GPIO_IO_PORTA_O<7>|LED<7>         |   22.073|
------------------+---------------+---------+


Analysis completed Wed Jul 01 21:09:07 2015 
--------------------------------------------------------------------------------

Trace Settings:
-------------------------
Trace Settings 

Peak Memory Usage: 885 MB



